app/api/admin/client-credits/route.ts(3,34): error TS2307: Cannot find module 'next/auth/next' or its corresponding type declarations.
app/api/admin/client-credits/route.ts(4,29): error TS2307: Cannot find module '@/app/api/auth/[...nextauth]/route' or its corresponding type declarations.
